// Jest Snapshot v1, https://goo.gl/fbAQLP

exports[`App renders 1`] = `
<div>
  <div
    class="App"
  >
    <div
      class="header"
    >
      <h1
        class="title"
      >
        Memory Card
      </h1>
    </div>
    <div
      class="scoreboard"
    >
      <div
        class="current-score-div"
      >
        <p>
          Current Score
        </p>
        <p />
      </div>
      <div
        class="best-score-div"
      >
        <p>
          Best Score
        </p>
        <p />
      </div>
    </div>
    <section
      class="ball-section"
    >
      <div
        class="ball-div"
        data-id="1114007277401"
      >
        Football
      </div>
      <div
        class="ball-div"
        data-id="1236213125317"
      >
        Squash Ball
      </div>
      <div
        class="ball-div"
        data-id="111269804956"
      >
        Golf Ball
      </div>
      <div
        class="ball-div"
        data-id="1306394998416"
      >
        Basketball
      </div>
    </section>
  </div>
</div>
`;
